DR DAEMON STARTED: Wed May 27 16:21:05 PDT 2026
----------------------------------------
CYCLE START: Wed May 27 16:21:05 PDT 2026
STATE=OK
TOTAL=1000G
USED=317G
AVAILABLE=683G
USED_PERCENT=32
AVAIL_GB=636
USED_PERCENT=32
POLICY=OK
RUNNING BACKUP
RUNNING SAFE DR SYSTEM
CYCLE COMPLETE: Wed May 27 16:21:17 PDT 2026
[Wed May 27 16:23:26 PDT 2026] SELF-HEALING DAEMON STARTED
[Wed May 27 16:23:26 PDT 2026] CYCLE START
STATE=OK
TOTAL=1000G
USED=317G
AVAILABLE=683G
USED_PERCENT=32
RUNNING SAFE DR SYSTEM
[Wed May 27 16:23:39 PDT 2026] BACKUP FAILED → RETRYING ONCE
RUNNING SAFE DR SYSTEM
[Wed May 27 16:23:57 PDT 2026] CYCLE COMPLETE
----------------------------------------
CYCLE START: Wed May 27 17:21:17 PDT 2026
STATE=OK
TOTAL=1000G
USED=318G
AVAILABLE=683G
USED_PERCENT=32
AVAIL_GB=635
USED_PERCENT=32
POLICY=OK
RUNNING BACKUP
RUNNING SAFE DR SYSTEM
CYCLE COMPLETE: Wed May 27 17:21:31 PDT 2026
[Wed May 27 17:23:57 PDT 2026] CYCLE START
STATE=OK
TOTAL=1000G
USED=318G
AVAILABLE=683G
USED_PERCENT=32
RUNNING SAFE DR SYSTEM
[Wed May 27 17:24:10 PDT 2026] BACKUP FAILED → RETRYING ONCE
RUNNING SAFE DR SYSTEM
[Wed May 27 17:24:28 PDT 2026] CYCLE COMPLETE
----------------------------------------
CYCLE START: Wed May 27 18:21:31 PDT 2026
STATE=OK
TOTAL=1000G
USED=318G
AVAILABLE=682G
USED_PERCENT=32
AVAIL_GB=635
USED_PERCENT=32
POLICY=OK
RUNNING BACKUP
RUNNING SAFE DR SYSTEM
CYCLE COMPLETE: Wed May 27 18:21:45 PDT 2026
[Wed May 27 18:24:28 PDT 2026] CYCLE START
STATE=OK
TOTAL=1000G
USED=318G
AVAILABLE=682G
USED_PERCENT=32
RUNNING SAFE DR SYSTEM
[Wed May 27 18:24:41 PDT 2026] BACKUP FAILED → RETRYING ONCE
RUNNING SAFE DR SYSTEM
[Wed May 27 18:24:59 PDT 2026] CYCLE COMPLETE
----------------------------------------
CYCLE START: Wed May 27 19:21:45 PDT 2026
STATE=OK
TOTAL=1000G
USED=318G
AVAILABLE=682G
USED_PERCENT=32
AVAIL_GB=635
USED_PERCENT=32
POLICY=OK
RUNNING BACKUP
RUNNING SAFE DR SYSTEM
CYCLE COMPLETE: Wed May 27 19:21:59 PDT 2026
[Wed May 27 19:24:59 PDT 2026] CYCLE START
STATE=OK
TOTAL=1000G
USED=318G
AVAILABLE=682G
USED_PERCENT=32
RUNNING SAFE DR SYSTEM
[Wed May 27 19:25:13 PDT 2026] BACKUP FAILED → RETRYING ONCE
RUNNING SAFE DR SYSTEM
[Wed May 27 19:25:31 PDT 2026] CYCLE COMPLETE
----------------------------------------
CYCLE START: Wed May 27 22:08:29 PDT 2026
STATE=OK
TOTAL=1000G
USED=318G
AVAILABLE=682G
USED_PERCENT=32
AVAIL_GB=635
USED_PERCENT=32
POLICY=OK
RUNNING BACKUP
RUNNING SAFE DR SYSTEM
CYCLE COMPLETE: Wed May 27 22:08:43 PDT 2026
[Wed May 27 22:12:01 PDT 2026] CYCLE START
STATE=OK
TOTAL=1000G
USED=318G
AVAILABLE=682G
USED_PERCENT=32
RUNNING SAFE DR SYSTEM
[Wed May 27 22:12:52 PDT 2026] BACKUP FAILED → RETRYING ONCE
RUNNING SAFE DR SYSTEM
[Wed May 27 22:13:11 PDT 2026] CYCLE COMPLETE
----------------------------------------
CYCLE START: Thu May 28 00:08:26 PDT 2026
STATE=OK
TOTAL=1000G
USED=318G
AVAILABLE=682G
USED_PERCENT=32
AVAIL_GB=635
USED_PERCENT=32
POLICY=OK
RUNNING BACKUP
RUNNING SAFE DR SYSTEM
CYCLE COMPLETE: Thu May 28 00:08:40 PDT 2026
[Thu May 28 00:12:20 PDT 2026] CYCLE START
STATE=OK
TOTAL=1000G
USED=318G
AVAILABLE=682G
USED_PERCENT=32
RUNNING SAFE DR SYSTEM
[Thu May 28 00:12:33 PDT 2026] BACKUP FAILED → RETRYING ONCE
RUNNING SAFE DR SYSTEM
[Thu May 28 00:12:52 PDT 2026] CYCLE COMPLETE
